src/App.tsx(3,30): error TS2307: Cannot find module '@/stores/auth-store' or its corresponding type declarations.
src/App.tsx(4,27): error TS2307: Cannot find module '@/components/layout/AppLayout' or its corresponding type declarations.
src/App.tsx(5,27): error TS2307: Cannot find module '@/pages/LoginPage' or its corresponding type declarations.
src/App.tsx(6,31): error TS2307: Cannot find module '@/pages/DashboardPage' or its corresponding type declarations.
src/App.tsx(7,27): error TS2307: Cannot find module '@/pages/iam/UsersPage' or its corresponding type declarations.
src/App.tsx(8,27): error TS2307: Cannot find module '@/pages/iam/RolesPage' or its corresponding type declarations.
src/App.tsx(9,39): error TS2307: Cannot find module '@/pages/iam/PermissionsMatrixPage' or its corresponding type declarations.
src/App.tsx(10,31): error TS2307: Cannot find module '@/pages/cadastros/CustomersPage' or its corresponding type declarations.
src/App.tsx(11,30): error TS2307: Cannot find module '@/pages/cadastros/ProductsPage' or its corresponding type declarations.
src/App.tsx(12,30): error TS2307: Cannot find module '@/pages/cadastros/ServicesPage' or its corresponding type declarations.
src/App.tsx(13,36): error TS2307: Cannot find module '@/pages/os/WorkOrdersListPage' or its corresponding type declarations.
src/App.tsx(14,37): error TS2307: Cannot find module '@/pages/os/WorkOrderCreatePage' or its corresponding type declarations.
src/App.tsx(15,37): error TS2307: Cannot find module '@/pages/os/WorkOrderDetailPage' or its corresponding type declarations.
src/App.tsx(16,31): error TS2307: Cannot find module '@/pages/tecnicos/SchedulesPage' or its corresponding type declarations.
src/App.tsx(17,33): error TS2307: Cannot find module '@/pages/tecnicos/TimeEntriesPage' or its corresponding type declarations.
src/App.tsx(18,40): error TS2307: Cannot find module '@/pages/financeiro/AccountsReceivablePage' or its corresponding type declarations.
src/App.tsx(19,37): error TS2307: Cannot find module '@/pages/financeiro/AccountsPayablePage' or its corresponding type declarations.
src/App.tsx(20,33): error TS2307: Cannot find module '@/pages/financeiro/CommissionsPage' or its corresponding type declarations.
src/App.tsx(21,30): error TS2307: Cannot find module '@/pages/financeiro/ExpensesPage' or its corresponding type declarations.
src/App.tsx(22,29): error TS2307: Cannot find module '@/pages/relatorios/ReportsPage' or its corresponding type declarations.
src/App.tsx(23,30): error TS2307: Cannot find module '@/pages/configuracoes/SettingsPage' or its corresponding type declarations.
src/components/layout/AppLayout.tsx(31,20): error TS2307: Cannot find module '@/lib/utils' or its corresponding type declarations.
src/components/layout/AppLayout.tsx(32,30): error TS2307: Cannot find module '@/stores/auth-store' or its corresponding type declarations.
src/components/layout/AppLayout.tsx(33,28): error TS2307: Cannot find module '@/stores/ui-store' or its corresponding type declarations.
src/components/layout/AppLayout.tsx(34,24): error TS2307: Cannot find module '@/hooks/usePWA' or its corresponding type declarations.
src/components/ui/Badge.tsx(1,20): error TS2307: Cannot find module '@/lib/utils' or its corresponding type declarations.
src/components/ui/Button.tsx(2,20): error TS2307: Cannot find module '@/lib/utils' or its corresponding type declarations.
src/components/ui/Input.tsx(2,20): error TS2307: Cannot find module '@/lib/utils' or its corresponding type declarations.
src/components/ui/Modal.tsx(3,20): error TS2307: Cannot find module '@/lib/utils' or its corresponding type declarations.
src/pages/cadastros/CustomersPage.tsx(1,20): error TS6133: 'useEffect' is declared but its value is never read.
src/pages/cadastros/CustomersPage.tsx(5,45): error TS6133: 'ChevronUp' is declared but its value is never read.
src/pages/cadastros/CustomersPage.tsx(7,17): error TS2307: Cannot find module '@/lib/api' or its corresponding type declarations.
src/pages/cadastros/CustomersPage.tsx(8,20): error TS2307: Cannot find module '@/lib/utils' or its corresponding type declarations.
src/pages/cadastros/CustomersPage.tsx(9,24): error TS2307: Cannot find module '@/components/ui/Button' or its corresponding type declarations.
src/pages/cadastros/CustomersPage.tsx(10,23): error TS2307: Cannot find module '@/components/ui/Input' or its corresponding type declarations.
src/pages/cadastros/CustomersPage.tsx(11,23): error TS2307: Cannot find module '@/components/ui/Badge' or its corresponding type declarations.
src/pages/cadastros/CustomersPage.tsx(12,23): error TS2307: Cannot find module '@/components/ui/Modal' or its corresponding type declarations.
src/pages/cadastros/CustomersPage.tsx(52,10): error TS6133: 'expandedRow' is declared but its value is never read.
src/pages/cadastros/CustomersPage.tsx(52,23): error TS6133: 'setExpandedRow' is declared but its value is never read.
src/pages/cadastros/CustomersPage.tsx(188,61): error TS7006: Parameter 'e' implicitly has an 'any' type.
src/pages/cadastros/CustomersPage.tsx(189,96): error TS7006: Parameter 'e' implicitly has an 'any' type.
src/pages/cadastros/CustomersPage.tsx(190,77): error TS7006: Parameter 'e' implicitly has an 'any' type.
src/pages/cadastros/CustomersPage.tsx(191,66): error TS7006: Parameter 'e' implicitly has an 'any' type.
src/pages/cadastros/CustomersPage.tsx(201,69): error TS7006: Parameter 'e' implicitly has an 'any' type.
src/pages/cadastros/CustomersPage.tsx(203,74): error TS7006: Parameter 'e' implicitly has an 'any' type.
src/pages/cadastros/CustomersPage.tsx(205,75): error TS7006: Parameter 'e' implicitly has an 'any' type.
src/pages/cadastros/CustomersPage.tsx(206,84): error TS7006: Parameter 'e' implicitly has an 'any' type.
src/pages/cadastros/CustomersPage.tsx(207,81): error TS7006: Parameter 'e' implicitly has an 'any' type.
src/pages/cadastros/CustomersPage.tsx(208,73): error TS7006: Parameter 'e' implicitly has an 'any' type.
src/pages/cadastros/CustomersPage.tsx(209,70): error TS7006: Parameter 'e' implicitly has an 'any' type.
src/pages/cadastros/CustomersPage.tsx(221,69): error TS7006: Parameter 'e' implicitly has an 'any' type.
src/pages/cadastros/CustomersPage.tsx(222,70): error TS7006: Parameter 'e' implicitly has an 'any' type.
src/pages/cadastros/CustomersPage.tsx(223,74): error TS7006: Parameter 'e' implicitly has an 'any' type.
src/pages/cadastros/CustomersPage.tsx(225,74): error TS7006: Parameter 'e' implicitly has an 'any' type.
src/pages/cadastros/ProductsPage.tsx(4,17): error TS2307: Cannot find module '@/lib/api' or its corresponding type declarations.
src/pages/cadastros/ProductsPage.tsx(5,20): error TS2307: Cannot find module '@/lib/utils' or its corresponding type declarations.
src/pages/cadastros/ProductsPage.tsx(6,24): error TS2307: Cannot find module '@/components/ui/Button' or its corresponding type declarations.
src/pages/cadastros/ProductsPage.tsx(7,23): error TS2307: Cannot find module '@/components/ui/Input' or its corresponding type declarations.
src/pages/cadastros/ProductsPage.tsx(8,23): error TS2307: Cannot find module '@/components/ui/Badge' or its corresponding type declarations.
src/pages/cadastros/ProductsPage.tsx(9,23): error TS2307: Cannot find module '@/components/ui/Modal' or its corresponding type declarations.
src/pages/cadastros/ProductsPage.tsx(157,73): error TS7006: Parameter 'e' implicitly has an 'any' type.
src/pages/cadastros/ProductsPage.tsx(158,75): error TS7006: Parameter 'e' implicitly has an 'any' type.
src/pages/cadastros/ProductsPage.tsx(175,76): error TS7006: Parameter 'e' implicitly has an 'any' type.
src/pages/cadastros/ProductsPage.tsx(179,117): error TS7006: Parameter 'e' implicitly has an 'any' type.
src/pages/cadastros/ProductsPage.tsx(180,117): error TS7006: Parameter 'e' implicitly has an 'any' type.
src/pages/cadastros/ProductsPage.tsx(181,107): error TS7006: Parameter 'e' implicitly has an 'any' type.
src/pages/cadastros/ProductsPage.tsx(182,112): error TS7006: Parameter 'e' implicitly has an 'any' type.
src/pages/cadastros/ServicesPage.tsx(4,17): error TS2307: Cannot find module '@/lib/api' or its corresponding type declarations.
src/pages/cadastros/ServicesPage.tsx(5,1): error TS6133: 'cn' is declared but its value is never read.
src/pages/cadastros/ServicesPage.tsx(5,20): error TS2307: Cannot find module '@/lib/utils' or its corresponding type declarations.
src/pages/cadastros/ServicesPage.tsx(6,24): error TS2307: Cannot find module '@/components/ui/Button' or its corresponding type declarations.
src/pages/cadastros/ServicesPage.tsx(7,23): error TS2307: Cannot find module '@/components/ui/Input' or its corresponding type declarations.
src/pages/cadastros/ServicesPage.tsx(8,23): error TS2307: Cannot find module '@/components/ui/Badge' or its corresponding type declarations.
src/pages/cadastros/ServicesPage.tsx(9,23): error TS2307: Cannot find module '@/components/ui/Modal' or its corresponding type declarations.
src/pages/cadastros/ServicesPage.tsx(155,73): error TS7006: Parameter 'e' implicitly has an 'any' type.
src/pages/cadastros/ServicesPage.tsx(156,75): error TS7006: Parameter 'e' implicitly has an 'any' type.
src/pages/cadastros/ServicesPage.tsx(173,121): error TS7006: Parameter 'e' implicitly has an 'any' type.
src/pages/cadastros/ServicesPage.tsx(174,116): error TS7006: Parameter 'e' implicitly has an 'any' type.
src/pages/configuracoes/SettingsPage.tsx(4,30): error TS6133: 'Search' is declared but its value is never read.
src/pages/configuracoes/SettingsPage.tsx(5,5): error TS6133: 'User' is declared but its value is never read.
src/pages/configuracoes/SettingsPage.tsx(7,17): error TS2307: Cannot find module '@/lib/api' or its corresponding type declarations.
src/pages/configuracoes/SettingsPage.tsx(8,20): error TS2307: Cannot find module '@/lib/utils' or its corresponding type declarations.
src/pages/configuracoes/SettingsPage.tsx(9,24): error TS2307: Cannot find module '@/components/ui/Button' or its corresponding type declarations.
src/pages/configuracoes/SettingsPage.tsx(10,23): error TS2307: Cannot find module '@/components/ui/Badge' or its corresponding type declarations.
src/pages/configuracoes/SettingsPage.tsx(11,1): error TS6133: 'Input' is declared but its value is never read.
src/pages/configuracoes/SettingsPage.tsx(11,23): error TS2307: Cannot find module '@/components/ui/Input' or its corresponding type declarations.
src/pages/DashboardPage.tsx(1,31): error TS6133: 'Users' is declared but its value is never read.
src/pages/DashboardPage.tsx(2,20): error TS2307: Cannot find module '@/lib/utils' or its corresponding type declarations.
src/pages/DashboardPage.tsx(3,30): error TS2307: Cannot find module '@/stores/auth-store' or its corresponding type declarations.
src/pages/financeiro/AccountsPayablePage.tsx(4,5): error TS6133: 'DollarSign' is declared but its value is never read.
src/pages/financeiro/AccountsPayablePage.tsx(7,17): error TS2307: Cannot find module '@/lib/api' or its corresponding type declarations.
src/pages/financeiro/AccountsPayablePage.tsx(8,1): error TS6133: 'cn' is declared but its value is never read.
src/pages/financeiro/AccountsPayablePage.tsx(8,20): error TS2307: Cannot find module '@/lib/utils' or its corresponding type declarations.
src/pages/financeiro/AccountsPayablePage.tsx(9,24): error TS2307: Cannot find module '@/components/ui/Button' or its corresponding type declarations.
src/pages/financeiro/AccountsPayablePage.tsx(10,23): error TS2307: Cannot find module '@/components/ui/Badge' or its corresponding type declarations.
src/pages/financeiro/AccountsPayablePage.tsx(11,23): error TS2307: Cannot find module '@/components/ui/Input' or its corresponding type declarations.
src/pages/financeiro/AccountsPayablePage.tsx(12,23): error TS2307: Cannot find module '@/components/ui/Modal' or its corresponding type declarations.
src/pages/financeiro/AccountsPayablePage.tsx(196,83): error TS7006: Parameter 'e' implicitly has an 'any' type.
src/pages/financeiro/AccountsPayablePage.tsx(206,81): error TS7006: Parameter 'e' implicitly has an 'any' type.
src/pages/financeiro/AccountsPayablePage.tsx(208,107): error TS7006: Parameter 'e' implicitly has an 'any' type.
src/pages/financeiro/AccountsPayablePage.tsx(209,95): error TS7006: Parameter 'e' implicitly has an 'any' type.
src/pages/financeiro/AccountsPayablePage.tsx(242,43): error TS7006: Parameter 'e' implicitly has an 'any' type.
src/pages/financeiro/AccountsPayablePage.tsx(251,43): error TS7006: Parameter 'e' implicitly has an 'any' type.
src/pages/financeiro/AccountsReceivablePage.tsx(7,17): error TS2307: Cannot find module '@/lib/api' or its corresponding type declarations.
src/pages/financeiro/AccountsReceivablePage.tsx(8,1): error TS6133: 'cn' is declared but its value is never read.
src/pages/financeiro/AccountsReceivablePage.tsx(8,20): error TS2307: Cannot find module '@/lib/utils' or its corresponding type declarations.
src/pages/financeiro/AccountsReceivablePage.tsx(9,24): error TS2307: Cannot find module '@/components/ui/Button' or its corresponding type declarations.
src/pages/financeiro/AccountsReceivablePage.tsx(10,23): error TS2307: Cannot find module '@/components/ui/Badge' or its corresponding type declarations.
src/pages/financeiro/AccountsReceivablePage.tsx(11,23): error TS2307: Cannot find module '@/components/ui/Input' or its corresponding type declarations.
src/pages/financeiro/AccountsReceivablePage.tsx(12,23): error TS2307: Cannot find module '@/components/ui/Modal' or its corresponding type declarations.
src/pages/financeiro/AccountsReceivablePage.tsx(221,81): error TS7006: Parameter 'e' implicitly has an 'any' type.
src/pages/financeiro/AccountsReceivablePage.tsx(223,107): error TS7006: Parameter 'e' implicitly has an 'any' type.
src/pages/financeiro/AccountsReceivablePage.tsx(224,95): error TS7006: Parameter 'e' implicitly has an 'any' type.
src/pages/financeiro/AccountsReceivablePage.tsx(257,43): error TS7006: Parameter 'e' implicitly has an 'any' type.
src/pages/financeiro/AccountsReceivablePage.tsx(266,43): error TS7006: Parameter 'e' implicitly has an 'any' type.
src/pages/financeiro/AccountsReceivablePage.tsx(288,98): error TS7006: Parameter 'e' implicitly has an 'any' type.
src/pages/financeiro/CommissionsPage.tsx(4,18): error TS6133: 'Users' is declared but its value is never read.
src/pages/financeiro/CommissionsPage.tsx(7,17): error TS2307: Cannot find module '@/lib/api' or its corresponding type declarations.
src/pages/financeiro/CommissionsPage.tsx(8,20): error TS2307: Cannot find module '@/lib/utils' or its corresponding type declarations.
src/pages/financeiro/CommissionsPage.tsx(9,24): error TS2307: Cannot find module '@/components/ui/Button' or its corresponding type declarations.
src/pages/financeiro/CommissionsPage.tsx(10,23): error TS2307: Cannot find module '@/components/ui/Badge' or its corresponding type declarations.
src/pages/financeiro/CommissionsPage.tsx(11,23): error TS2307: Cannot find module '@/components/ui/Input' or its corresponding type declarations.
src/pages/financeiro/CommissionsPage.tsx(12,23): error TS2307: Cannot find module '@/components/ui/Modal' or its corresponding type declarations.
src/pages/financeiro/CommissionsPage.tsx(296,82): error TS7006: Parameter 'e' implicitly has an 'any' type.
src/pages/financeiro/CommissionsPage.tsx(311,62): error TS7006: Parameter 'e' implicitly has an 'any' type.
src/pages/financeiro/CommissionsPage.tsx(358,89): error TS7006: Parameter 'e' implicitly has an 'any' type.
src/pages/financeiro/ExpensesPage.tsx(7,17): error TS2307: Cannot find module '@/lib/api' or its corresponding type declarations.
src/pages/financeiro/ExpensesPage.tsx(8,1): error TS6133: 'cn' is declared but its value is never read.
src/pages/financeiro/ExpensesPage.tsx(8,20): error TS2307: Cannot find module '@/lib/utils' or its corresponding type declarations.
src/pages/financeiro/ExpensesPage.tsx(9,24): error TS2307: Cannot find module '@/components/ui/Button' or its corresponding type declarations.
src/pages/financeiro/ExpensesPage.tsx(10,23): error TS2307: Cannot find module '@/components/ui/Badge' or its corresponding type declarations.
src/pages/financeiro/ExpensesPage.tsx(11,23): error TS2307: Cannot find module '@/components/ui/Input' or its corresponding type declarations.
src/pages/financeiro/ExpensesPage.tsx(12,23): error TS2307: Cannot find module '@/components/ui/Modal' or its corresponding type declarations.
src/pages/financeiro/ExpensesPage.tsx(228,81): error TS7006: Parameter 'e' implicitly has an 'any' type.
src/pages/financeiro/ExpensesPage.tsx(248,107): error TS7006: Parameter 'e' implicitly has an 'any' type.
src/pages/financeiro/ExpensesPage.tsx(249,93): error TS7006: Parameter 'e' implicitly has an 'any' type.
src/pages/financeiro/ExpensesPage.tsx(274,72): error TS7006: Parameter 'e' implicitly has an 'any' type.
src/pages/iam/PermissionsMatrixPage.tsx(3,17): error TS2307: Cannot find module '@/lib/api' or its corresponding type declarations.
src/pages/iam/PermissionsMatrixPage.tsx(4,1): error TS6133: 'cn' is declared but its value is never read.
src/pages/iam/PermissionsMatrixPage.tsx(4,20): error TS2307: Cannot find module '@/lib/utils' or its corresponding type declarations.
src/pages/iam/PermissionsMatrixPage.tsx(5,23): error TS2307: Cannot find module '@/components/ui/Badge' or its corresponding type declarations.
src/pages/iam/RolesPage.tsx(4,17): error TS2307: Cannot find module '@/lib/api' or its corresponding type declarations.
src/pages/iam/RolesPage.tsx(5,20): error TS2307: Cannot find module '@/lib/utils' or its corresponding type declarations.
src/pages/iam/RolesPage.tsx(6,24): error TS2307: Cannot find module '@/components/ui/Button' or its corresponding type declarations.
src/pages/iam/RolesPage.tsx(7,23): error TS2307: Cannot find module '@/components/ui/Input' or its corresponding type declarations.
src/pages/iam/RolesPage.tsx(8,1): error TS6133: 'Badge' is declared but its value is never read.
src/pages/iam/RolesPage.tsx(8,23): error TS2307: Cannot find module '@/components/ui/Badge' or its corresponding type declarations.
src/pages/iam/RolesPage.tsx(9,23): error TS2307: Cannot find module '@/components/ui/Modal' or its corresponding type declarations.
src/pages/iam/RolesPage.tsx(152,36): error TS7006: Parameter 'e' implicitly has an 'any' type.
src/pages/iam/UsersPage.tsx(3,24): error TS6133: 'MoreHorizontal' is declared but its value is never read.
src/pages/iam/UsersPage.tsx(3,58): error TS6133: 'KeyRound' is declared but its value is never read.
src/pages/iam/UsersPage.tsx(4,17): error TS2307: Cannot find module '@/lib/api' or its corresponding type declarations.
src/pages/iam/UsersPage.tsx(5,20): error TS2307: Cannot find module '@/lib/utils' or its corresponding type declarations.
src/pages/iam/UsersPage.tsx(6,24): error TS2307: Cannot find module '@/components/ui/Button' or its corresponding type declarations.
src/pages/iam/UsersPage.tsx(7,23): error TS2307: Cannot find module '@/components/ui/Input' or its corresponding type declarations.
src/pages/iam/UsersPage.tsx(8,23): error TS2307: Cannot find module '@/components/ui/Badge' or its corresponding type declarations.
src/pages/iam/UsersPage.tsx(9,23): error TS2307: Cannot find module '@/components/ui/Modal' or its corresponding type declarations.
src/pages/iam/UsersPage.tsx(229,40): error TS7006: Parameter 'e' implicitly has an 'any' type.
src/pages/iam/UsersPage.tsx(237,40): error TS7006: Parameter 'e' implicitly has an 'any' type.
src/pages/iam/UsersPage.tsx(244,40): error TS7006: Parameter 'e' implicitly has an 'any' type.
src/pages/iam/UsersPage.tsx(251,40): error TS7006: Parameter 'e' implicitly has an 'any' type.
src/pages/LoginPage.tsx(2,30): error TS2307: Cannot find module '@/stores/auth-store' or its corresponding type declarations.
src/pages/LoginPage.tsx(3,20): error TS2307: Cannot find module '@/lib/utils' or its corresponding type declarations.
src/pages/os/WorkOrderCreatePage.tsx(1,20): error TS6133: 'useEffect' is declared but its value is never read.
src/pages/os/WorkOrderCreatePage.tsx(5,17): error TS2307: Cannot find module '@/lib/api' or its corresponding type declarations.
src/pages/os/WorkOrderCreatePage.tsx(6,20): error TS2307: Cannot find module '@/lib/utils' or its corresponding type declarations.
src/pages/os/WorkOrderCreatePage.tsx(7,24): error TS2307: Cannot find module '@/components/ui/Button' or its corresponding type declarations.
src/pages/os/WorkOrderCreatePage.tsx(8,23): error TS2307: Cannot find module '@/components/ui/Input' or its corresponding type declarations.
src/pages/os/WorkOrderCreatePage.tsx(73,29): error TS18046: 'res' is of type 'unknown'.
src/pages/os/WorkOrderCreatePage.tsx(211,83): error TS7006: Parameter 'e' implicitly has an 'any' type.
src/pages/os/WorkOrderCreatePage.tsx(212,83): error TS7006: Parameter 'e' implicitly has an 'any' type.
src/pages/os/WorkOrderCreatePage.tsx(213,84): error TS7006: Parameter 'e' implicitly has an 'any' type.
src/pages/os/WorkOrderCreatePage.tsx(214,94): error TS7006: Parameter 'e' implicitly has an 'any' type.
src/pages/os/WorkOrderCreatePage.tsx(262,101): error TS7006: Parameter 'e' implicitly has an 'any' type.
src/pages/os/WorkOrderCreatePage.tsx(263,118): error TS7006: Parameter 'e' implicitly has an 'any' type.
src/pages/os/WorkOrderCreatePage.tsx(264,131): error TS7006: Parameter 'e' implicitly has an 'any' type.
src/pages/os/WorkOrderCreatePage.tsx(266,127): error TS7006: Parameter 'e' implicitly has an 'any' type.
src/pages/os/WorkOrderDetailPage.tsx(5,23): error TS6133: 'User' is declared but its value is never read.
src/pages/os/WorkOrderDetailPage.tsx(5,42): error TS6133: 'MapPin' is declared but its value is never read.
src/pages/os/WorkOrderDetailPage.tsx(6,39): error TS6133: 'Pencil' is declared but its value is never read.
src/pages/os/WorkOrderDetailPage.tsx(9,17): error TS2307: Cannot find module '@/lib/api' or its corresponding type declarations.
src/pages/os/WorkOrderDetailPage.tsx(10,20): error TS2307: Cannot find module '@/lib/utils' or its corresponding type declarations.
src/pages/os/WorkOrderDetailPage.tsx(11,24): error TS2307: Cannot find module '@/components/ui/Button' or its corresponding type declarations.
src/pages/os/WorkOrderDetailPage.tsx(12,23): error TS2307: Cannot find module '@/components/ui/Badge' or its corresponding type declarations.
src/pages/os/WorkOrderDetailPage.tsx(13,23): error TS2307: Cannot find module '@/components/ui/Input' or its corresponding type declarations.
src/pages/os/WorkOrderDetailPage.tsx(14,23): error TS2307: Cannot find module '@/components/ui/Modal' or its corresponding type declarations.
src/pages/os/WorkOrderDetailPage.tsx(88,11): error TS6133: 'updateMut' is declared but its value is never read.
src/pages/os/WorkOrderDetailPage.tsx(106,11): error TS6133: 'StatusIcon' is declared but its value is never read.
src/pages/os/WorkOrderDetailPage.tsx(371,35): error TS7006: Parameter 'e' implicitly has an 'any' type.
src/pages/os/WorkOrderDetailPage.tsx(374,39): error TS7006: Parameter 'e' implicitly has an 'any' type.
src/pages/os/WorkOrderDetailPage.tsx(376,39): error TS7006: Parameter 'e' implicitly has an 'any' type.
src/pages/os/WorkOrderDetailPage.tsx(378,39): error TS7006: Parameter 'e' implicitly has an 'any' type.
src/pages/os/WorkOrdersListPage.tsx(2,20): error TS6133: 'useMutation' is declared but its value is never read.
src/pages/os/WorkOrdersListPage.tsx(2,33): error TS6133: 'useQueryClient' is declared but its value is never read.
src/pages/os/WorkOrdersListPage.tsx(6,5): error TS6133: 'Filter' is declared but its value is never read.
src/pages/os/WorkOrdersListPage.tsx(6,13): error TS6133: 'ChevronDown' is declared but its value is never read.
src/pages/os/WorkOrdersListPage.tsx(8,17): error TS2307: Cannot find module '@/lib/api' or its corresponding type declarations.
src/pages/os/WorkOrdersListPage.tsx(9,20): error TS2307: Cannot find module '@/lib/utils' or its corresponding type declarations.
src/pages/os/WorkOrdersListPage.tsx(10,24): error TS2307: Cannot find module '@/components/ui/Button' or its corresponding type declarations.
src/pages/os/WorkOrdersListPage.tsx(11,23): error TS2307: Cannot find module '@/components/ui/Badge' or its corresponding type declarations.
src/pages/os/WorkOrdersListPage.tsx(42,12): error TS6133: 'showFilters' is declared but its value is never read.
src/pages/os/WorkOrdersListPage.tsx(42,25): error TS6133: 'setShowFilters' is declared but its value is never read.
src/pages/relatorios/ReportsPage.tsx(7,17): error TS2307: Cannot find module '@/lib/api' or its corresponding type declarations.
src/pages/relatorios/ReportsPage.tsx(8,20): error TS2307: Cannot find module '@/lib/utils' or its corresponding type declarations.
src/pages/relatorios/ReportsPage.tsx(9,1): error TS6133: 'Input' is declared but its value is never read.
src/pages/relatorios/ReportsPage.tsx(9,23): error TS2307: Cannot find module '@/components/ui/Input' or its corresponding type declarations.
src/pages/relatorios/ReportsPage.tsx(10,1): error TS6133: 'Badge' is declared but its value is never read.
src/pages/relatorios/ReportsPage.tsx(10,23): error TS2307: Cannot find module '@/components/ui/Badge' or its corresponding type declarations.
src/pages/tecnicos/SchedulesPage.tsx(4,5): error TS6133: 'Calendar' is declared but its value is never read.
src/pages/tecnicos/SchedulesPage.tsx(4,21): error TS6133: 'Clock' is declared but its value is never read.
src/pages/tecnicos/SchedulesPage.tsx(4,34): error TS6133: 'MapPin' is declared but its value is never read.
src/pages/tecnicos/SchedulesPage.tsx(4,42): error TS6133: 'FileText' is declared but its value is never read.
src/pages/tecnicos/SchedulesPage.tsx(5,32): error TS6133: 'Pencil' is declared but its value is never read.
src/pages/tecnicos/SchedulesPage.tsx(7,17): error TS2307: Cannot find module '@/lib/api' or its corresponding type declarations.
src/pages/tecnicos/SchedulesPage.tsx(8,20): error TS2307: Cannot find module '@/lib/utils' or its corresponding type declarations.
src/pages/tecnicos/SchedulesPage.tsx(9,24): error TS2307: Cannot find module '@/components/ui/Button' or its corresponding type declarations.
src/pages/tecnicos/SchedulesPage.tsx(10,23): error TS2307: Cannot find module '@/components/ui/Badge' or its corresponding type declarations.
src/pages/tecnicos/SchedulesPage.tsx(11,23): error TS2307: Cannot find module '@/components/ui/Input' or its corresponding type declarations.
src/pages/tecnicos/SchedulesPage.tsx(12,23): error TS2307: Cannot find module '@/components/ui/Modal' or its corresponding type declarations.
src/pages/tecnicos/SchedulesPage.tsx(61,24): error TS6133: 'isLoading' is declared but its value is never read.
src/pages/tecnicos/SchedulesPage.tsx(201,72): error TS7006: Parameter 'e' implicitly has an 'any' type.
src/pages/tecnicos/SchedulesPage.tsx(221,108): error TS7006: Parameter 'e' implicitly has an 'any' type.
src/pages/tecnicos/SchedulesPage.tsx(222,103): error TS7006: Parameter 'e' implicitly has an 'any' type.
src/pages/tecnicos/SchedulesPage.tsx(224,76): error TS7006: Parameter 'e' implicitly has an 'any' type.
src/pages/tecnicos/TimeEntriesPage.tsx(4,5): error TS6133: 'Clock' is declared but its value is never read.
src/pages/tecnicos/TimeEntriesPage.tsx(4,12): error TS6133: 'Play' is declared but its value is never read.
src/pages/tecnicos/TimeEntriesPage.tsx(5,19): error TS6133: 'Filter' is declared but its value is never read.
src/pages/tecnicos/TimeEntriesPage.tsx(7,17): error TS2307: Cannot find module '@/lib/api' or its corresponding type declarations.
src/pages/tecnicos/TimeEntriesPage.tsx(8,20): error TS2307: Cannot find module '@/lib/utils' or its corresponding type declarations.
src/pages/tecnicos/TimeEntriesPage.tsx(9,24): error TS2307: Cannot find module '@/components/ui/Button' or its corresponding type declarations.
src/pages/tecnicos/TimeEntriesPage.tsx(10,23): error TS2307: Cannot find module '@/components/ui/Badge' or its corresponding type declarations.
src/pages/tecnicos/TimeEntriesPage.tsx(11,23): error TS2307: Cannot find module '@/components/ui/Input' or its corresponding type declarations.
src/pages/tecnicos/TimeEntriesPage.tsx(12,23): error TS2307: Cannot find module '@/components/ui/Modal' or its corresponding type declarations.
src/pages/tecnicos/TimeEntriesPage.tsx(80,11): error TS6133: 'startMut' is declared but its value is never read.
src/pages/tecnicos/TimeEntriesPage.tsx(285,103): error TS7006: Parameter 'e' implicitly has an 'any' type.
src/pages/tecnicos/TimeEntriesPage.tsx(286,98): error TS7006: Parameter 'e' implicitly has an 'any' type.
src/stores/auth-store.ts(3,17): error TS2307: Cannot find module '@/lib/api' or its corresponding type declarations.
