
   FAIL  Tests\Unit\CommissionServiceProfessionalTest
  Ô¿» percent net deducts expenses and cost                                                                       39.89s  
  ÔöÇÔöÇÔöÇÔöÇÔöÇÔöÇÔöÇÔöÇÔöÇÔöÇÔöÇÔöÇÔöÇÔöÇÔöÇÔöÇÔöÇÔöÇÔöÇÔöÇÔöÇÔöÇÔöÇÔöÇÔöÇÔöÇÔöÇÔöÇÔöÇÔöÇÔöÇÔöÇÔöÇÔöÇÔöÇÔöÇÔöÇÔöÇÔöÇÔöÇÔöÇÔöÇÔöÇÔöÇÔöÇÔöÇÔöÇÔöÇÔöÇÔöÇÔöÇÔöÇÔöÇÔöÇÔöÇÔöÇÔöÇÔöÇÔöÇÔöÇÔöÇÔöÇÔöÇÔöÇÔöÇÔöÇÔöÇÔöÇÔöÇÔöÇÔöÇÔöÇÔöÇÔöÇÔöÇÔöÇÔöÇÔöÇÔöÇÔöÇÔöÇÔöÇÔöÇÔöÇÔöÇÔöÇÔöÇÔöÇÔöÇÔöÇÔöÇÔöÇÔöÇÔöÇÔöÇÔöÇÔöÇÔöÇÔöÇÔöÇÔöÇÔöÇÔöÇÔöÇÔöÇÔöÇÔöÇÔöÇÔöÇÔöÇÔöÇÔöÇÔöÇÔöÇÔöÇÔöÇ  
   FAILED  Tests\Unit\CommissionServiceProfessionalTest > percent net deducts expenses and cost                         
  Failed asserting that two strings are equal.
--- Expected
+++ Actual
@@ @@
-'750.00'
+'800.00'

  at tests\Unit\CommissionServiceProfessionalTest.php:159
    155Ôûò 
    156Ôûò         // NET = 10000 - 500 (expenses) - 2000 (cost) = 7500
    157Ôûò         // Commission = 7500 * 10% = 750
    158Ôûò         $this->assertCount(1, $events);
  Ô×£ 159Ôûò         $this->assertEquals('750.00', $events[0]->commission_amount);
    160Ôûò     }
    161Ôûò 
    162Ôûò     // ÔòÉÔòÉÔòÉÔòÉÔòÉÔòÉÔòÉÔòÉÔòÉÔòÉÔòÉÔòÉÔòÉÔòÉÔòÉÔòÉÔòÉÔòÉÔòÉÔòÉÔòÉÔòÉÔòÉÔòÉÔòÉÔòÉÔòÉÔòÉÔòÉÔòÉÔòÉÔòÉÔòÉÔòÉÔòÉÔòÉÔòÉÔòÉÔòÉÔòÉÔòÉÔòÉÔòÉÔòÉÔòÉÔòÉÔòÉÔòÉÔòÉÔòÉÔòÉÔòÉÔòÉÔòÉÔòÉÔòÉÔòÉÔòÉÔòÉ
    163Ôûò     // 4. BRUTO MENOS DESLOCAMENTO

  1   tests\Unit\CommissionServiceProfessionalTest.php:159


  Tests:    1 failed (2 assertions)
  Duration: 53.57s

